------------------------------------------------------------
TimeQuest Timing Analyzer Summary
------------------------------------------------------------

Type  : Slow 1200mV 85C Model Setup 'mclk_in'
Slack : -4.652
TNS   : -269.488

Type  : Slow 1200mV 85C Model Setup 'LCD_FPGA:LCD|fsd_E'
Slack : -0.653
TNS   : -12.904

Type  : Slow 1200mV 85C Model Hold 'mclk_in'
Slack : -0.264
TNS   : -0.305

Type  : Slow 1200mV 85C Model Hold 'LCD_FPGA:LCD|fsd_E'
Slack : 0.491
TNS   : 0.000

Type  : Slow 1200mV 85C Model Minimum Pulse Width 'mclk_in'
Slack : -3.201
TNS   : -231.419

Type  : Slow 1200mV 85C Model Minimum Pulse Width 'LCD_FPGA:LCD|fsd_E'
Slack : -1.487
TNS   : -60.967

Type  : Slow 1200mV 85C Model Minimum Pulse Width 'display_7seg:DP_7|mem_led'
Slack : -1.487
TNS   : -2.974

Type  : Slow 1200mV 0C Model Setup 'mclk_in'
Slack : -4.237
TNS   : -239.456

Type  : Slow 1200mV 0C Model Setup 'LCD_FPGA:LCD|fsd_E'
Slack : -0.569
TNS   : -9.623

Type  : Slow 1200mV 0C Model Hold 'mclk_in'
Slack : -0.290
TNS   : -0.292

Type  : Slow 1200mV 0C Model Hold 'LCD_FPGA:LCD|fsd_E'
Slack : 0.455
TNS   : 0.000

Type  : Slow 1200mV 0C Model Minimum Pulse Width 'mclk_in'
Slack : -3.201
TNS   : -231.419

Type  : Slow 1200mV 0C Model Minimum Pulse Width 'LCD_FPGA:LCD|fsd_E'
Slack : -1.487
TNS   : -60.967

Type  : Slow 1200mV 0C Model Minimum Pulse Width 'display_7seg:DP_7|mem_led'
Slack : -1.487
TNS   : -2.974

Type  : Fast 1200mV 0C Model Setup 'mclk_in'
Slack : -1.512
TNS   : -79.851

Type  : Fast 1200mV 0C Model Setup 'LCD_FPGA:LCD|fsd_E'
Slack : 0.294
TNS   : 0.000

Type  : Fast 1200mV 0C Model Hold 'mclk_in'
Slack : -0.484
TNS   : -0.680

Type  : Fast 1200mV 0C Model Hold 'LCD_FPGA:LCD|fsd_E'
Slack : 0.193
TNS   : 0.000

Type  : Fast 1200mV 0C Model Minimum Pulse Width 'mclk_in'
Slack : -3.000
TNS   : -163.481

Type  : Fast 1200mV 0C Model Minimum Pulse Width 'LCD_FPGA:LCD|fsd_E'
Slack : -1.000
TNS   : -41.000

Type  : Fast 1200mV 0C Model Minimum Pulse Width 'display_7seg:DP_7|mem_led'
Slack : -1.000
TNS   : -2.000

------------------------------------------------------------
